// Jest Snapshot v1, https://goo.gl/fbAQLP

exports[`Button Snapshot Tests should match the snapshot 1`] = `
<div>
  <button
    style="padding: 1rem 2.5rem; border-radius: 0.375rem; font-weight: 400; background-color: rgb(37, 99, 235);"
  >
    Click Me
  </button>
</div>
`;
